// Improve landing page performance – 1768067774
// Refactor routing logic – 1768067774
// Optimize Vercel deployment config – 1768067774
// Improve animation performance – 1768067774
// Improve tablet responsiveness – 1768067774
// Enhance loading skeletons – 1768067774
// Optimize Vercel deployment config – 1768067774
// Refactor component structure – 1768067774
// Enhance service section layout – 1768067774
// Refactor component structure – 1768067774
// Enhance service section layout – 1768067774
// Refactor component structure – 1768067774
// Improve landing page performance – 1768067774
// Refactor routing logic – 1768140159
// Refactor component structure – 1768140159
// Enhance accessibility contrast – 1768140159
// Enhance service section layout – 1768140159
// Enhance accessibility contrast – 1768140159
// Optimize Vercel deployment config – 1768140159
// Refactor routing logic – 1768140159
// Improve tablet responsiveness – 1768140159
// Optimize Vercel deployment config – 1768140159
// Enhance loading skeletons – 1768140159
// Optimize Vercel deployment config – 1768140159
// Optimize Vercel deployment config – 1768140159
// Refactor shared UI primitives – 1768140160
// Refactor shared UI primitives – 1768140221
// Refactor routing logic – 1768140221
// Enhance loading skeletons – 1768140221
// Improve UI consistency – 1768140221
// Optimize Vercel deployment config – 1768140221
// Improve animation performance – 1768140221
// Enhance loading skeletons – 1768140221
// Improve UI consistency – 1768140221
// Improve animation performance – 1768140221
// Refactor component structure – 1768140221
// Improve UI consistency – 1768140221
// Enhance service section layout – 1768140222
// Enhance loading skeletons – 1768140222
// Optimize animations – 2026-01-01 3:30:14
// Enhance accessibility – 2026-01-01 2:28:32
// Improve responsiveness – 2026-01-01 6:31:11
// Optimize animations – 2026-01-01 0:51:54
// Improve responsiveness – 2026-01-01 4:46:53
// Optimize animations – 2026-01-01 14:43:41
// Optimize animations – 2026-01-01 16:59:24
// Refactor component structure – 2026-01-01 14:17:29
// Improve landing page performance – 2026-01-01 15:50:27
// Improve responsiveness – 2026-01-01 5:29:54
// Refactor shared UI primitives – 2026-01-01 21:44:45
// Improve responsiveness – 2026-01-02 3:07:31
// Refactor shared UI primitives – 2026-01-02 9:18:30
// Enhance accessibility – 2026-01-02 5:07:11
// Improve responsiveness – 2026-01-02 6:03:48
// Enhance accessibility – 2026-01-02 18:02:56
// Optimize animations – 2026-01-02 6:46:01
// Optimize animations – 2026-01-02 18:45:01
// Optimize animations – 2026-01-02 4:47:12
// Refactor shared UI primitives – 2026-01-02 13:59:54
// Optimize animations – 2026-01-02 17:14:43
// Enhance accessibility – 2026-01-02 4:17:49
